
Circuit 1 cell sky130_fd_pr__nfet_01v8 and Circuit 2 cell sky130_fd_pr__nfet_01v8 are black boxes.
Equate elements:  no current cell.
Device classes sky130_fd_pr__nfet_01v8 and sky130_fd_pr__nfet_01v8 are equivalent.

Circuit 1 cell sky130_fd_pr__pfet_01v8 and Circuit 2 cell sky130_fd_pr__pfet_01v8 are black boxes.
Equate elements:  no current cell.
Device classes sky130_fd_pr__pfet_01v8 and sky130_fd_pr__pfet_01v8 are equivalent.

Subcircuit summary:
Circuit 1: ./test_comp.spice               |Circuit 2: ./netlist.spice                 
-------------------------------------------|-------------------------------------------
sky130_fd_pr__nfet_01v8 (1)                |sky130_fd_pr__nfet_01v8 (1)                
sky130_fd_pr__pfet_01v8 (1)                |sky130_fd_pr__pfet_01v8 (1)                
Number of devices: 2                       |Number of devices: 2                       
Number of nets: 4 **Mismatch**             |Number of nets: 6 **Mismatch**             
---------------------------------------------------------------------------------------
NET mismatches: Class fragments follow (with fanout counts):
Circuit 1: ./test_comp.spice               |Circuit 2: ./netlist.spice                 

---------------------------------------------------------------------------------------
Net: VSS                                   |Net: VSS                                   
  sky130_fd_pr__nfet_01v8/3 = 1            |  sky130_fd_pr__nfet_01v8/3 = 1            
  sky130_fd_pr__nfet_01v8/4 = 1            |                                           
                                           |                                           
Net: VDD                                   |Net: VDD                                   
  sky130_fd_pr__pfet_01v8/3 = 1            |  sky130_fd_pr__pfet_01v8/3 = 1            
  sky130_fd_pr__pfet_01v8/4 = 1            |                                           
                                           |                                           
(no matching net)                          |Net: sky130_fd_pr__pfet_01v8_2MG8BZ_0/w_n2 
                                           |  sky130_fd_pr__pfet_01v8/4 = 1            
                                           |                                           
(no matching net)                          |Net: VSUBS                                 
                                           |  sky130_fd_pr__nfet_01v8/4 = 1            
---------------------------------------------------------------------------------------
Netlists do not match.
Cells have no pins;  pin matching not needed.
Device classes ./test_comp.spice and ./netlist.spice are equivalent.

Final result: Netlists do not match.
